projects/amazon-trend-analyzer/qb_chunks/page_111_skip111000.csv
ASIN Buyability Flag,asin_status,CVR%,revenue,asp,units,gv,Images #,Videos #,Has A+ Content,Buybox Winner,Average Rating,Number of Ratings,bb_price,Ad CTR%,Ad CVR%,bsr,brand,Ad CPC$,ASIN (Description),Update Type,Sold By Amazon,Has Coupon?,Has Store Link?,In Stock Today?,category,Sellable On Hand Units,asin,date,Ad Cost,Ad Sales,Ad Clicks,Ad Impressions,Ad Conversions
In Stock,ACTIVE,,,,,,11.0,0.0,True,,4.4,19153.0,10.16,,,7.0,Burt's Bees,,B082N5X4SX (Burt's Bees Oatmeal Dog Shampoo for Dogs 32oz),[],True,True,True,False,Grooming,,B082N5X4SX,2026-05-15,,,,,
In Stock,ACTIVE,,650.0,10.16,64.0,,11.0,0.0,True,,4.4,19152.0,10.16,,,7.0,Burt's Bees,,B082N5X4SX (Burt's Bees Oatmeal Dog Shampoo for Dogs 32oz),[],True,True,True,False,Grooming,,B082N5X4SX,2026-05-14,,,,,
In Stock,ACTIVE,,569.0,10.16,56.0,,11.0,0.0,True,,4.4,19151.0,10.16,,,6.0,Burt's Bees,,B082N5X4SX (Burt's Bees Oatmeal Dog Shampoo for Dogs 32oz),[],True,True,True,False,Grooming,,B082N5X4SX,2026-05-13,,,,,
In Stock,ACTIVE,,577.0,9.94,58.0,,11.0,0.0,True,,4.4,19151.0,10.16,,,6.0,Burt's Bees,,B082N5X4SX (Burt's Bees Oatmeal Dog Shampoo for Dogs 32oz),[],True,True,True,False,Grooming,,B082N5X4SX,2026-05-12,,,,,
In Stock,ACTIVE,0.454,645.0,10.08,64.0,141.0,11.0,0.0,True,,4.4,19149.0,10.16,,,8.0,Burt's Bees,,B082N5X4SX (Burt's Bees Oatmeal Dog Shampoo for Dogs 32oz),[],True,True,True,False,Grooming,2288.0,B082N5X4SX,2026-05-11,,,,,
In Stock,ACTIVE,0.488,620.0,10.16,61.0,125.0,11.0,0.0,True,,4.4,19146.0,10.16,0.0,,7.0,Burt's Bees,,B082N5X4SX (Burt's Bees Oatmeal Dog Shampoo for Dogs 32oz),[],True,True,True,False,Grooming,2342.0,B082N5X4SX,2026-05-10,0.0,0.0,0.0,11.0,0.0
In Stock,ACTIVE,0.58,660.0,10.16,65.0,112.0,11.0,0.0,True,,4.4,19145.0,10.16,0.0,,8.0,Burt's Bees,,B082N5X4SX (Burt's Bees Oatmeal Dog Shampoo for Dogs 32oz),[],True,True,True,False,Grooming,2392.0,B082N5X4SX,2026-05-09,0.0,0.0,0.0,59.0,0.0
In Stock,ACTIVE,0.608,488.0,10.16,48.0,79.0,11.0,0.0,True,,4.4,19141.0,10.16,0.0,,7.0,Burt's Bees,,B082N5X4SX (Burt's Bees Oatmeal Dog Shampoo for Dogs 32oz),[],True,True,True,False,Grooming,2455.0,B082N5X4SX,2026-05-08,0.0,0.0,0.0,135.0,0.0
In Stock,ACTIVE,0.458,559.0,10.16,55.0,120.0,11.0,0.0,True,,4.4,19136.0,10.16,0.01219512195121951,0.0,7.0,Burt's Bees,4.04,B082N5X4SX (Burt's Bees Oatmeal Dog Shampoo for Dogs 32oz),[],True,True,True,False,Grooming,2492.0,B082N5X4SX,2026-05-07,4.04,0.0,1.0,82.0,0.0
In Stock,ACTIVE,0.555,621.0,10.19,61.0,110.0,11.0,0.0,True,,4.4,19136.0,10.16,0.006993006993006993,1.0,6.0,Burt's Bees,3.02,B082N5X4SX (Burt's Bees Oatmeal Dog Shampoo for Dogs 32oz),[],True,True,True,False,Grooming,2529.0,B082N5X4SX,2026-05-06,3.02,10.16,1.0,143.0,1.0
In Stock,ACTIVE,0.611,559.0,10.16,55.0,90.0,11.0,0.0,True,,4.4,19130.0,10.16,0.0,,6.0,Burt's Bees,,B082N5X4SX (Burt's Bees Oatmeal Dog Shampoo for Dogs 32oz),[],True,True,True,False,Grooming,2608.0,B082N5X4SX,2026-05-05,0.0,0.0,0.0,76.0,0.0
In Stock,ACTIVE,0.371,602.0,10.2,59.0,159.0,11.0,0.0,True,,4.4,19124.0,10.16,0.02,0.0,7.0,Burt's Bees,1.275,B082N5X4SX (Burt's Bees Oatmeal Dog Shampoo for Dogs 32oz),[],True,True,True,False,Grooming,2699.0,B082N5X4SX,2026-05-04,2.55,0.0,2.0,100.0,0.0
In Stock,ACTIVE,0.59,1120.0,10.09,111.0,188.0,11.0,0.0,True,,4.4,19121.0,10.16,0.0,,7.0,Burt's Bees,,B082N5X4SX (Burt's Bees Oatmeal Dog Shampoo for Dogs 32oz),[],True,True,True,False,Grooming,2782.0,B082N5X4SX,2026-05-03,0.0,0.0,0.0,177.0,0.0
In Stock,ACTIVE,0.5479999999999999,686.0,10.09,68.0,124.0,11.0,0.0,True,,4.4,19119.0,10.16,0.0,,8.0,Burt's Bees,,B082N5X4SX (Burt's Bees Oatmeal Dog Shampoo for Dogs 32oz),[],True,True,True,False,Grooming,2891.0,B082N5X4SX,2026-05-02,0.0,0.0,0.0,151.0,0.0
In Stock,ACTIVE,0.513,607.0,10.12,60.0,117.0,11.0,0.0,True,,4.4,19117.0,10.16,0.01212121212121212,0.0,8.0,Burt's Bees,3.07,B082N5X4SX (Burt's Bees Oatmeal Dog Shampoo for Dogs 32oz),[],True,True,True,False,Grooming,2956.0,B082N5X4SX,2026-05-01,6.14,0.0,2.0,165.0,0.0
In Stock,ACTIVE,0.602,725.0,10.21,71.0,118.0,11.0,0.0,True,,4.4,19113.0,10.16,0.0,,7.0,Burt's Bees,,B082N5X4SX (Burt's Bees Oatmeal Dog Shampoo for Dogs 32oz),[],True,True,True,False,Grooming,3021.0,B082N5X4SX,2026-04-30,0.0,0.0,0.0,112.0,0.0
In Stock,ACTIVE,0.59,837.0,10.21,82.0,139.0,11.0,0.0,True,,4.4,19108.0,10.16,0.0,,7.0,Burt's Bees,,B082N5X4SX (Burt's Bees Oatmeal Dog Shampoo for Dogs 32oz),[],True,True,True,False,Grooming,3075.0,B082N5X4SX,2026-04-29,0.0,0.0,0.0,143.0,0.0
In Stock,ACTIVE,0.523,823.0,10.16,81.0,155.0,11.0,0.0,True,,4.4,19105.0,10.16,0.005780346820809248,1.0,7.0,Burt's Bees,1.8,B082N5X4SX (Burt's Bees Oatmeal Dog Shampoo for Dogs 32oz),[],True,True,True,False,Grooming,3153.0,B082N5X4SX,2026-04-28,1.8,10.16,1.0,173.0,1.0
In Stock,ACTIVE,0.695,1098.0,10.26,107.0,154.0,11.0,0.0,True,,4.4,19104.0,10.16,0.0,,7.0,Burt's Bees,,B082N5X4SX (Burt's Bees Oatmeal Dog Shampoo for Dogs 32oz),[],True,True,True,False,Grooming,3254.0,B082N5X4SX,2026-04-27,0.0,0.0,0.0,178.0,0.0
In Stock,ACTIVE,0.6,1184.0,10.12,117.0,195.0,11.0,0.0,True,,4.4,19102.0,10.16,0.01304347826086956,1.0,7.0,Burt's Bees,4.183333333333334,B082N5X4SX (Burt's Bees Oatmeal Dog Shampoo for Dogs 32oz),[],True,True,True,False,Grooming,3366.0,B082N5X4SX,2026-04-26,12.55,30.31,3.0,230.0,3.0
In Stock,ACTIVE,0.5920000000000001,756.0,10.22,74.0,125.0,11.0,0.0,True,,4.4,19099.0,10.16,0.01438848920863309,1.0,7.0,Burt's Bees,2.615,B082N5X4SX (Burt's Bees Oatmeal Dog Shampoo for Dogs 32oz),[],True,True,True,False,Grooming,3443.0,B082N5X4SX,2026-04-25,5.23,20.32,2.0,139.0,2.0
In Stock,ACTIVE,0.629,676.0,10.24,66.0,105.0,11.0,0.0,True,,4.4,19099.0,10.16,0.0,,7.0,Burt's Bees,,B082N5X4SX (Burt's Bees Oatmeal Dog Shampoo for Dogs 32oz),[],True,True,True,False,Grooming,3520.0,B082N5X4SX,2026-04-24,0.0,0.0,0.0,32.0,0.0
In Stock,ACTIVE,0.5660000000000001,650.0,10.16,64.0,113.0,11.0,0.0,True,,4.4,19095.0,10.16,0.0124223602484472,1.0,7.0,Burt's Bees,2.31,B082N5X4SX (Burt's Bees Oatmeal Dog Shampoo for Dogs 32oz),[],True,True,True,False,Grooming,3584.0,B082N5X4SX,2026-04-23,4.62,20.32,2.0,161.0,2.0
In Stock,ACTIVE,0.713,579.0,10.16,57.0,80.0,11.0,0.0,True,,4.4,19070.0,10.16,0.01428571428571429,0.5,7.0,Burt's Bees,2.005,B082N5X4SX (Burt's Bees Oatmeal Dog Shampoo for Dogs 32oz),[],True,True,True,False,Grooming,3649.0,B082N5X4SX,2026-04-22,4.01,10.16,2.0,140.0,1.0
In Stock,ACTIVE,0.5589999999999999,630.0,10.16,62.0,111.0,11.0,0.0,True,,4.4,19070.0,10.16,0.01587301587301587,0.0,7.0,Burt's Bees,3.12,B082N5X4SX (Burt's Bees Oatmeal Dog Shampoo for Dogs 32oz),[],True,True,True,False,Grooming,3741.0,B082N5X4SX,2026-04-21,6.24,0.0,2.0,126.0,0.0
In Stock,ACTIVE,0.485,668.0,10.12,66.0,136.0,11.0,0.0,True,,4.4,19069.0,10.16,0.0,,7.0,Burt's Bees,,B082N5X4SX (Burt's Bees Oatmeal Dog Shampoo for Dogs 32oz),[],True,True,True,False,Grooming,3823.0,B082N5X4SX,2026-04-20,0.0,0.0,0.0,138.0,0.0
In Stock,ACTIVE,0.575,886.0,10.06,88.0,153.0,11.0,0.0,True,,4.4,19069.0,10.16,0.005917159763313609,0.0,7.0,Burt's Bees,3.07,B082N5X4SX (Burt's Bees Oatmeal Dog Shampoo for Dogs 32oz),[],True,True,True,False,Grooming,3817.0,B082N5X4SX,2026-04-19,3.07,0.0,1.0,169.0,0.0
In Stock,ACTIVE,0.5820000000000001,799.0,10.25,78.0,134.0,11.0,0.0,True,,4.4,19069.0,10.16,0.0101010101010101,0.5,7.0,Burt's Bees,2.935,B082N5X4SX (Burt's Bees Oatmeal Dog Shampoo for Dogs 32oz),[],True,True,True,False,Grooming,3865.0,B082N5X4SX,2026-04-18,5.87,7.98,2.0,198.0,1.0
In Stock,ACTIVE,0.637,793.0,10.04,79.0,124.0,11.0,0.0,True,,4.4,19069.0,10.16,0.005847953216374269,0.0,6.0,Burt's Bees,4.78,B082N5X4SX (Burt's Bees Oatmeal Dog Shampoo for Dogs 32oz),[],True,True,True,False,Grooming,3931.0,B082N5X4SX,2026-04-17,4.78,0.0,1.0,171.0,0.0
In Stock,ACTIVE,0.524,651.0,10.02,65.0,124.0,11.0,0.0,True,,4.4,19070.0,10.16,0.0,,6.0,Burt's Bees,,B082N5X4SX (Burt's Bees Oatmeal Dog Shampoo for Dogs 32oz),[],True,True,True,False,Grooming,3997.0,B082N5X4SX,2026-04-16,0.0,0.0,0.0,108.0,0.0
In Stock,ACTIVE,0.392,468.0,9.97,47.0,120.0,11.0,0.0,True,,4.4,19067.0,10.16,0.0,,5.0,Burt's Bees,,B082N5X4SX (Burt's Bees Oatmeal Dog Shampoo for Dogs 32oz),[],True,True,True,False,Grooming,4015.0,B082N5X4SX,2026-04-15,0.0,0.0,0.0,164.0,0.0
In Stock,ACTIVE,0.486,721.0,10.16,71.0,146.0,11.0,0.0,True,,4.4,19066.0,10.16,0.008,0.0,5.0,Burt's Bees,3.65,B082N5X4SX (Burt's Bees Oatmeal Dog Shampoo for Dogs 32oz),[],True,True,True,False,Grooming,3862.0,B082N5X4SX,2026-04-14,3.65,0.0,1.0,125.0,0.0
In Stock,ACTIVE,0.5,630.0,10.16,62.0,124.0,12.0,0.0,True,,4.4,19062.0,10.16,0.01382488479262673,0.6666666666666666,5.0,Burt's Bees,3.753333333333333,B082N5X4SX (Burt's Bees Oatmeal Dog Shampoo for Dogs 32oz),[],True,True,True,False,Grooming,3845.0,B082N5X4SX,2026-04-13,11.26,20.25,3.0,217.0,2.0
In Stock,ACTIVE,0.463,772.0,10.16,76.0,164.0,12.0,0.0,True,,4.4,19050.0,10.16,0.0,,6.0,Burt's Bees,,B082N5X4SX (Burt's Bees Oatmeal Dog Shampoo for Dogs 32oz),[],True,True,True,False,Grooming,3755.0,B082N5X4SX,2026-04-12,0.0,0.0,0.0,100.0,0.0
In Stock,ACTIVE,0.654,718.0,10.26,70.0,107.0,12.0,0.0,True,,4.4,19043.0,10.16,0.009523809523809525,0.0,6.0,Burt's Bees,5.67,B082N5X4SX (Burt's Bees Oatmeal Dog Shampoo for Dogs 32oz),[],True,True,True,False,Grooming,0.0,B082N5X4SX,2026-04-11,5.67,0.0,1.0,105.0,0.0
In Stock,ACTIVE,0.512,668.0,10.12,66.0,129.0,12.0,0.0,True,,4.4,19041.0,10.16,0.01020408163265306,0.5,7.0,Burt's Bees,2.11,B082N5X4SX (Burt's Bees Oatmeal Dog Shampoo for Dogs 32oz),[],True,True,True,False,Grooming,3611.0,B082N5X4SX,2026-04-10,4.22,10.16,2.0,196.0,1.0
In Stock,ACTIVE,0.458,626.0,10.44,60.0,131.0,12.0,0.0,True,,4.4,19040.0,10.16,0.0,,6.0,Burt's Bees,,B082N5X4SX (Burt's Bees Oatmeal Dog Shampoo for Dogs 32oz),[],True,True,True,False,Grooming,3529.0,B082N5X4SX,2026-04-09,0.0,0.0,0.0,135.0,0.0
In Stock,ACTIVE,0.482,549.0,10.16,54.0,112.0,12.0,0.0,True,,4.4,19033.0,10.16,0.00847457627118644,0.0,6.0,Burt's Bees,4.14,B082N5X4SX (Burt's Bees Oatmeal Dog Shampoo for Dogs 32oz),[],True,True,True,False,Grooming,3524.0,B082N5X4SX,2026-04-08,4.14,0.0,1.0,118.0,0.0
In Stock,ACTIVE,0.6809999999999999,630.0,10.16,62.0,91.0,12.0,0.0,True,,4.4,19030.0,10.16,0.0131578947368421,0.0,7.0,Burt's Bees,3.27,B082N5X4SX (Burt's Bees Oatmeal Dog Shampoo for Dogs 32oz),[],True,True,True,False,Grooming,3563.0,B082N5X4SX,2026-04-07,6.54,0.0,2.0,152.0,0.0
In Stock,ACTIVE,0.49,478.0,10.16,47.0,96.0,12.0,0.0,True,,4.4,19026.0,10.16,0.0,,8.0,Burt's Bees,,B082N5X4SX (Burt's Bees Oatmeal Dog Shampoo for Dogs 32oz),[],True,True,True,False,Grooming,3571.0,B082N5X4SX,2026-04-06,0.0,0.0,0.0,128.0,0.0
In Stock,ACTIVE,0.64,731.0,10.3,71.0,111.0,12.0,0.0,True,,4.4,19023.0,10.16,0.02197802197802198,0.0,8.0,Burt's Bees,3.235,B082N5X4SX (Burt's Bees Oatmeal Dog Shampoo for Dogs 32oz),[],True,True,True,False,Grooming,3906.0,B082N5X4SX,2026-04-05,6.47,0.0,2.0,91.0,0.0
In Stock,ACTIVE,0.515,706.0,10.09,70.0,136.0,12.0,0.0,True,,4.4,19022.0,10.16,,,8.0,Burt's Bees,,B082N5X4SX (Burt's Bees Oatmeal Dog Shampoo for Dogs 32oz),[],True,True,True,False,Grooming,3516.0,B082N5X4SX,2026-04-04,0.0,0.0,0.0,0.0,0.0
In Stock,ACTIVE,0.453,678.0,10.12,67.0,148.0,12.0,0.0,True,,4.4,19022.0,10.16,,,6.0,Burt's Bees,,B082N5X4SX (Burt's Bees Oatmeal Dog Shampoo for Dogs 32oz),[],True,True,True,False,Grooming,3532.0,B082N5X4SX,2026-04-03,0.0,0.0,0.0,0.0,0.0
In Stock,ACTIVE,0.369,414.0,10.1,41.0,111.0,12.0,0.0,True,,4.4,19020.0,10.16,,,6.0,Burt's Bees,,B082N5X4SX (Burt's Bees Oatmeal Dog Shampoo for Dogs 32oz),[],True,True,True,False,Grooming,3506.0,B082N5X4SX,2026-04-02,0.0,0.0,0.0,0.0,0.0
In Stock,ACTIVE,0.6409999999999999,602.0,10.2,59.0,92.0,12.0,0.0,True,,4.4,19019.0,10.16,,,6.0,Burt's Bees,,B082N5X4SX (Burt's Bees Oatmeal Dog Shampoo for Dogs 32oz),[],True,True,True,False,Grooming,3514.0,B082N5X4SX,2026-04-01,0.0,0.0,0.0,0.0,0.0
In Stock,ACTIVE,0.602,566.0,10.11,56.0,93.0,12.0,0.0,True,,4.4,19016.0,10.16,,,6.0,Burt's Bees,,B082N5X4SX (Burt's Bees Oatmeal Dog Shampoo for Dogs 32oz),[],True,True,True,False,Grooming,3531.0,B082N5X4SX,2026-03-31,0.0,0.0,0.0,0.0,0.0
In Stock,ACTIVE,0.696,810.0,10.13,80.0,115.0,12.0,0.0,True,,4.4,19011.0,10.16,,,7.0,Burt's Bees,,B082N5X4SX (Burt's Bees Oatmeal Dog Shampoo for Dogs 32oz),[],True,True,True,False,Grooming,3653.0,B082N5X4SX,2026-03-30,0.0,0.0,0.0,0.0,0.0
In Stock,ACTIVE,0.525,952.0,10.12,94.0,179.0,12.0,0.0,True,,4.4,19007.0,10.16,,,7.0,Burt's Bees,,B082N5X4SX (Burt's Bees Oatmeal Dog Shampoo for Dogs 32oz),[],True,True,True,False,Grooming,3453.0,B082N5X4SX,2026-03-29,0.0,0.0,0.0,0.0,0.0
In Stock,ACTIVE,0.471,658.0,10.12,65.0,138.0,12.0,0.0,True,,4.4,19002.0,10.16,,,5.0,Burt's Bees,,B082N5X4SX (Burt's Bees Oatmeal Dog Shampoo for Dogs 32oz),[],True,True,True,False,Grooming,3503.0,B082N5X4SX,2026-03-28,0.0,0.0,0.0,0.0,0.0
In Stock,ACTIVE,0.6629999999999999,577.0,10.12,57.0,86.0,12.0,0.0,True,,4.4,18997.0,10.16,,,5.0,Burt's Bees,,B082N5X4SX (Burt's Bees Oatmeal Dog Shampoo for Dogs 32oz),[],True,True,True,False,Grooming,3553.0,B082N5X4SX,2026-03-27,0.0,0.0,0.0,0.0,0.0
In Stock,ACTIVE,0.624,632.0,10.04,63.0,101.0,12.0,0.0,True,,4.4,18990.0,8.76,,,5.0,Burt's Bees,,B082N5X4SX (Burt's Bees Oatmeal Dog Shampoo for Dogs 32oz),[],True,False,True,False,Grooming,3633.0,B082N5X4SX,2026-03-26,0.0,0.0,0.0,0.0,0.0
In Stock,ACTIVE,0.425,516.0,10.11,51.0,120.0,12.0,0.0,True,,4.4,18988.0,10.16,,,5.0,Burt's Bees,,B082N5X4SX (Burt's Bees Oatmeal Dog Shampoo for Dogs 32oz),[],True,True,True,False,Grooming,3616.0,B082N5X4SX,2026-03-25,0.0,0.0,0.0,0.0,0.0
In Stock,ACTIVE,0.594,586.0,10.28,57.0,96.0,12.0,0.0,True,,4.4,18985.0,8.75,,,6.0,Burt's Bees,,B082N5X4SX (Burt's Bees Oatmeal Dog Shampoo for Dogs 32oz),[],True,False,True,False,Grooming,3672.0,B082N5X4SX,2026-03-24,0.0,0.0,0.0,0.0,0.0
In Stock,ACTIVE,0.545,508.0,10.58,48.0,88.0,12.0,0.0,True,,4.4,18980.0,10.16,,,6.0,Burt's Bees,,B082N5X4SX (Burt's Bees Oatmeal Dog Shampoo for Dogs 32oz),[],True,True,True,False,Grooming,3667.0,B082N5X4SX,2026-03-23,0.0,0.0,0.0,0.0,0.0
In Stock,ACTIVE,0.622,904.0,10.16,89.0,143.0,12.0,0.0,True,,4.4,18978.0,10.16,,,8.0,Burt's Bees,,B082N5X4SX (Burt's Bees Oatmeal Dog Shampoo for Dogs 32oz),[],True,True,True,False,Grooming,3612.0,B082N5X4SX,2026-03-22,0.0,0.0,0.0,0.0,0.0
In Stock,ACTIVE,0.527,803.0,10.16,79.0,150.0,12.0,0.0,True,,4.4,18975.0,10.16,,,8.0,Burt's Bees,,B082N5X4SX (Burt's Bees Oatmeal Dog Shampoo for Dogs 32oz),[],True,True,True,False,Grooming,3675.0,B082N5X4SX,2026-03-21,0.0,0.0,0.0,0.0,0.0
In Stock,ACTIVE,0.529,465.0,10.1,46.0,87.0,12.0,0.0,True,,4.4,18971.0,10.16,,,8.0,Burt's Bees,,B082N5X4SX (Burt's Bees Oatmeal Dog Shampoo for Dogs 32oz),[],True,True,True,False,Grooming,3473.0,B082N5X4SX,2026-03-20,0.0,0.0,0.0,0.0,0.0
In Stock,ACTIVE,0.446,417.0,10.16,41.0,92.0,12.0,0.0,True,,4.4,18966.0,10.16,,,8.0,Burt's Bees,,B082N5X4SX (Burt's Bees Oatmeal Dog Shampoo for Dogs 32oz),[],True,True,True,False,Grooming,3234.0,B082N5X4SX,2026-03-19,0.0,0.0,0.0,0.0,0.0
In Stock,ACTIVE,0.578,640.0,10.16,63.0,109.0,12.0,0.0,True,,4.4,18962.0,10.16,,,8.0,Burt's Bees,,B082N5X4SX (Burt's Bees Oatmeal Dog Shampoo for Dogs 32oz),[],True,True,True,False,Grooming,3687.0,B082N5X4SX,2026-03-18,0.0,0.0,0.0,0.0,0.0
In Stock,ACTIVE,0.505,508.0,10.16,50.0,99.0,12.0,0.0,True,,4.4,18951.0,10.16,,,8.0,Burt's Bees,,B082N5X4SX (Burt's Bees Oatmeal Dog Shampoo for Dogs 32oz),[],True,True,True,False,Grooming,3156.0,B082N5X4SX,2026-03-17,0.0,0.0,0.0,0.0,0.0
In Stock,ACTIVE,0.5329999999999999,572.0,10.03,57.0,107.0,12.0,0.0,True,,4.4,18951.0,10.16,,,8.0,Burt's Bees,,B082N5X4SX (Burt's Bees Oatmeal Dog Shampoo for Dogs 32oz),[],True,True,True,False,Grooming,3504.0,B082N5X4SX,2026-03-16,0.0,0.0,0.0,0.0,0.0
In Stock,ACTIVE,0.507,742.0,10.16,73.0,144.0,12.0,0.0,True,,4.4,18951.0,10.16,,,9.0,Burt's Bees,,B082N5X4SX (Burt's Bees Oatmeal Dog Shampoo for Dogs 32oz),[],True,True,True,False,Grooming,2904.0,B082N5X4SX,2026-03-15,0.0,0.0,0.0,0.0,0.0
In Stock,ACTIVE,0.698,818.0,10.1,81.0,116.0,12.0,0.0,True,,4.4,18949.0,10.16,0.0,,9.0,Burt's Bees,,B082N5X4SX (Burt's Bees Oatmeal Dog Shampoo for Dogs 32oz),[],True,True,True,False,Grooming,3017.0,B082N5X4SX,2026-03-14,0.0,0.0,0.0,340.0,0.0
In Stock,ACTIVE,0.618,559.0,10.16,55.0,89.0,12.0,0.0,True,,4.4,18948.0,10.16,0.006289308176100629,0.0,8.0,Burt's Bees,2.34,B082N5X4SX (Burt's Bees Oatmeal Dog Shampoo for Dogs 32oz),[],True,True,True,False,Grooming,3047.0,B082N5X4SX,2026-03-13,4.68,0.0,2.0,318.0,0.0
In Stock,ACTIVE,0.579,559.0,10.16,55.0,95.0,12.0,0.0,True,,4.4,18941.0,10.16,0.006430868167202572,0.5,8.0,Burt's Bees,1.485,B082N5X4SX (Burt's Bees Oatmeal Dog Shampoo for Dogs 32oz),[],True,True,True,False,Grooming,3030.0,B082N5X4SX,2026-03-12,2.97,10.16,2.0,311.0,1.0
In Stock,ACTIVE,0.574,630.0,10.16,62.0,108.0,12.0,0.0,True,,4.4,18937.0,10.16,0.02419354838709677,0.5,6.0,Burt's Bees,1.766666666666667,B082N5X4SX (Burt's Bees Oatmeal Dog Shampoo for Dogs 32oz),[],True,True,True,False,Grooming,3089.0,B082N5X4SX,2026-03-11,10.6,30.48,6.0,248.0,3.0
In Stock,ACTIVE,0.462,488.0,10.16,48.0,104.0,12.0,0.0,True,,4.4,18933.0,10.16,0.004291845493562232,0.0,7.0,Burt's Bees,0.48,B082N5X4SX (Burt's Bees Oatmeal Dog Shampoo for Dogs 32oz),[],True,True,True,False,Grooming,2978.0,B082N5X4SX,2026-03-10,0.48,0.0,1.0,233.0,0.0
In Stock,ACTIVE,0.509,599.0,10.16,59.0,116.0,12.0,0.0,True,,4.4,18929.0,10.16,0.0,,7.0,Burt's Bees,,B082N5X4SX (Burt's Bees Oatmeal Dog Shampoo for Dogs 32oz),[],True,True,True,False,Grooming,2833.0,B082N5X4SX,2026-03-09,0.0,0.0,0.0,40.0,0.0
In Stock,ACTIVE,0.564,898.0,10.2,88.0,156.0,12.0,0.0,True,,4.4,18928.0,10.16,,,7.0,Burt's Bees,,B082N5X4SX (Burt's Bees Oatmeal Dog Shampoo for Dogs 32oz),[],True,True,True,False,Grooming,2869.0,B082N5X4SX,2026-03-08,0.0,0.0,0.0,0.0,0.0
In Stock,ACTIVE,0.535,766.0,10.08,76.0,142.0,12.0,0.0,True,,4.4,18921.0,10.16,0.0,,7.0,Burt's Bees,,B082N5X4SX (Burt's Bees Oatmeal Dog Shampoo for Dogs 32oz),[],True,True,True,False,Grooming,3238.0,B082N5X4SX,2026-03-07,0.0,0.0,0.0,1.0,0.0
